[0m22:06:38.158546 [debug] [MainThread]: Sending event: {'category': 'dbt', 'action': 'invocation', 'label': 'start', 'context': [<snowplow_tracker.self_describing_json.SelfDescribingJson object at 0x00000179CAAED940>, <snowplow_tracker.self_describing_json.SelfDescribingJson object at 0x00000179C8CB5310>, <snowplow_tracker.self_describing_json.SelfDescribingJson object at 0x00000179CBC27D90>]}


============================== 22:06:38.161467 | c13415c0-a527-4ab4-8cba-985f41433723 ==============================
[0m22:06:38.161467 [info ] [MainThread]: Running with dbt=1.9.0
[0m22:06:38.162352 [debug] [MainThread]: running dbt with arguments {'printer_width': '80', 'indirect_selection': 'eager', 'log_cache_events': 'False', 'write_json': 'True', 'partial_parse': 'True', 'cache_selected_only': 'False', 'warn_error': 'None', 'debug': 'False', 'fail_fast': 'False', 'log_path': 'logs', 'version_check': 'True', 'profiles_dir': 'C:\\Users\\Ravi\\.dbt', 'use_colors': 'True', 'use_experimental_parser': 'False', 'empty': 'None', 'quiet': 'False', 'no_print': 'None', 'warn_error_options': 'WarnErrorOptions(include=[], exclude=[])', 'static_parser': 'True', 'log_format': 'default', 'introspect': 'True', 'target_path': 'None', 'invocation_command': 'dbt init', 'send_anonymous_usage_stats': 'True'}
[0m22:07:23.285988 [debug] [MainThread]: Starter project path: C:\Users\Ravi\AppData\Local\Programs\Python\Python313\Lib\site-packages\dbt\include\starter_project
[0m22:07:23.304562 [info ] [MainThread]: 
Your new dbt project "Insurance_transformations" was created!

For more information on how to configure the profiles.yml file,
please consult the dbt documentation here:

  https://docs.getdbt.com/docs/configure-your-profile

One more thing:

Need help? Don't hesitate to reach out to us via GitHub issues or on Slack:

  https://community.getdbt.com/

Happy modeling!

[0m22:07:23.309369 [info ] [MainThread]: Setting up your profile.
[0m22:13:39.148398 [info ] [MainThread]: Profile Insurance_transformations written to C:\Users\Ravi\.dbt\profiles.yml using target's profile_template.yml and your supplied values. Run 'dbt debug' to validate the connection.
[0m22:13:39.151272 [debug] [MainThread]: Command `dbt init` succeeded at 22:13:39.150986 after 421.13 seconds
[0m22:13:39.152017 [debug] [MainThread]: Sending event: {'category': 'dbt', 'action': 'invocation', 'label': 'end', 'context': [<snowplow_tracker.self_describing_json.SelfDescribingJson object at 0x00000179CD791CD0>, <snowplow_tracker.self_describing_json.SelfDescribingJson object at 0x00000179CBCC2E70>, <snowplow_tracker.self_describing_json.SelfDescribingJson object at 0x00000179CC6BFF00>]}
[0m22:13:39.152756 [debug] [MainThread]: Flushing usage events
[0m22:13:40.530527 [debug] [MainThread]: An error was encountered while trying to flush usage events
[0m22:15:24.012640 [debug] [MainThread]: Sending event: {'category': 'dbt', 'action': 'invocation', 'label': 'start', 'context': [<snowplow_tracker.self_describing_json.SelfDescribingJson object at 0x0000015955F59400>, <snowplow_tracker.self_describing_json.SelfDescribingJson object at 0x00000159540DD310>, <snowplow_tracker.self_describing_json.SelfDescribingJson object at 0x000001595707FED0>]}


============================== 22:15:24.015512 | 8bb5ffb7-779d-40d6-bf89-d0797fdff569 ==============================
[0m22:15:24.015512 [info ] [MainThread]: Running with dbt=1.9.0
[0m22:15:24.016308 [debug] [MainThread]: running dbt with arguments {'printer_width': '80', 'indirect_selection': 'eager', 'write_json': 'True', 'log_cache_events': 'False', 'partial_parse': 'True', 'cache_selected_only': 'False', 'warn_error': 'None', 'version_check': 'True', 'profiles_dir': 'C:\\Users\\Ravi\\.dbt', 'log_path': 'logs', 'debug': 'False', 'fail_fast': 'False', 'use_colors': 'True', 'use_experimental_parser': 'False', 'no_print': 'None', 'quiet': 'False', 'empty': 'None', 'log_format': 'default', 'static_parser': 'True', 'invocation_command': 'dbt debug', 'warn_error_options': 'WarnErrorOptions(include=[], exclude=[])', 'target_path': 'None', 'introspect': 'True', 'send_anonymous_usage_stats': 'True'}
[0m22:15:24.026069 [info ] [MainThread]: dbt version: 1.9.0
[0m22:15:24.027330 [info ] [MainThread]: python version: 3.13.2
[0m22:15:24.027879 [info ] [MainThread]: python path: C:\Users\Ravi\AppData\Local\Programs\Python\Python313\python.exe
[0m22:15:24.028545 [info ] [MainThread]: os info: Windows-11-10.0.22631-SP0
[0m22:15:24.327598 [info ] [MainThread]: Using profiles dir at C:\Users\Ravi\.dbt
[0m22:15:24.328551 [info ] [MainThread]: Using profiles.yml file at C:\Users\Ravi\.dbt\profiles.yml
[0m22:15:24.329094 [info ] [MainThread]: Using dbt_project.yml file at C:\Users\Ravi\OneDrive\Desktop\Ravi\My_git_repos\Insurance_analytics\DBT\dbt_project.yml
[0m22:15:24.330001 [info ] [MainThread]: adapter type: snowflake
[0m22:15:24.330527 [info ] [MainThread]: adapter version: 1.9.2
[0m22:15:24.331148 [info ] [MainThread]: Configuration:
[0m22:15:24.331549 [info ] [MainThread]:   profiles.yml file [[32mOK found and valid[0m]
[0m22:15:24.331930 [info ] [MainThread]:   dbt_project.yml file [[31mERROR not found[0m]
[0m22:15:24.332348 [info ] [MainThread]: Required dependencies:
[0m22:15:24.332913 [debug] [MainThread]: Executing "git --help"
[0m22:15:24.397681 [debug] [MainThread]: STDOUT: "b"usage: git [-v | --version] [-h | --help] [-C <path>] [-c <name>=<value>]\n           [--exec-path[=<path>]] [--html-path] [--man-path] [--info-path]\n           [-p | --paginate | -P | --no-pager] [--no-replace-objects] [--no-lazy-fetch]\n           [--no-optional-locks] [--no-advice] [--bare] [--git-dir=<path>]\n           [--work-tree=<path>] [--namespace=<name>] [--config-env=<name>=<envvar>]\n           <command> [<args>]\n\nThese are common Git commands used in various situations:\n\nstart a working area (see also: git help tutorial)\n   clone      Clone a repository into a new directory\n   init       Create an empty Git repository or reinitialize an existing one\n\nwork on the current change (see also: git help everyday)\n   add        Add file contents to the index\n   mv         Move or rename a file, a directory, or a symlink\n   restore    Restore working tree files\n   rm         Remove files from the working tree and from the index\n\nexamine the history and state (see also: git help revisions)\n   bisect     Use binary search to find the commit that introduced a bug\n   diff       Show changes between commits, commit and working tree, etc\n   grep       Print lines matching a pattern\n   log        Show commit logs\n   show       Show various types of objects\n   status     Show the working tree status\n\ngrow, mark and tweak your common history\n   backfill   Download missing objects in a partial clone\n   branch     List, create, or delete branches\n   commit     Record changes to the repository\n   merge      Join two or more development histories together\n   rebase     Reapply commits on top of another base tip\n   reset      Reset current HEAD to the specified state\n   switch     Switch branches\n   tag        Create, list, delete or verify a tag object signed with GPG\n\ncollaborate (see also: git help workflows)\n   fetch      Download objects and refs from another repository\n   pull       Fetch from and integrate with another repository or a local branch\n   push       Update remote refs along with associated objects\n\n'git help -a' and 'git help -g' list available subcommands and some\nconcept guides. See 'git help <command>' or 'git help <concept>'\nto read about a specific subcommand or concept.\nSee 'git help git' for an overview of the system.\n""
[0m22:15:24.398032 [debug] [MainThread]: STDERR: "b''"
[0m22:15:24.398271 [info ] [MainThread]:  - git [[32mOK found[0m]

[0m22:15:24.399073 [info ] [MainThread]: Connection:
[0m22:15:24.399714 [info ] [MainThread]:   account: FEKCHYK-WC47959
[0m22:15:24.400234 [info ] [MainThread]:   user: snowflake
[0m22:15:24.400743 [info ] [MainThread]:   database: analytics
[0m22:15:24.401323 [info ] [MainThread]:   warehouse: COMPUT_WH
[0m22:15:24.401957 [info ] [MainThread]:   role: accountadmin
[0m22:15:24.402559 [info ] [MainThread]:   schema: staging
[0m22:15:24.403118 [info ] [MainThread]:   authenticator: None
[0m22:15:24.403699 [info ] [MainThread]:   oauth_client_id: None
[0m22:15:24.404285 [info ] [MainThread]:   query_tag: None
[0m22:15:24.404725 [info ] [MainThread]:   client_session_keep_alive: False
[0m22:15:24.405328 [info ] [MainThread]:   host: None
[0m22:15:24.405910 [info ] [MainThread]:   port: None
[0m22:15:24.406497 [info ] [MainThread]:   proxy_host: None
[0m22:15:24.406958 [info ] [MainThread]:   proxy_port: None
[0m22:15:24.407376 [info ] [MainThread]:   protocol: None
[0m22:15:24.407816 [info ] [MainThread]:   connect_retries: 1
[0m22:15:24.408277 [info ] [MainThread]:   connect_timeout: None
[0m22:15:24.408664 [info ] [MainThread]:   retry_on_database_errors: False
[0m22:15:24.409206 [info ] [MainThread]:   retry_all: False
[0m22:15:24.409665 [info ] [MainThread]:   insecure_mode: False
[0m22:15:24.410168 [info ] [MainThread]:   reuse_connections: True
[0m22:15:24.411432 [info ] [MainThread]: Registered adapter: snowflake=1.9.2
[0m22:15:24.636080 [debug] [MainThread]: Acquiring new snowflake connection 'debug'
[0m22:15:24.731906 [debug] [MainThread]: Using snowflake connection "debug"
[0m22:15:24.732177 [debug] [MainThread]: On debug: select 1 as id
[0m22:15:24.732354 [debug] [MainThread]: Opening a new connection, currently in state init
[0m22:15:26.299657 [debug] [MainThread]: SQL status: SUCCESS 1 in 1.567 seconds
[0m22:15:26.301460 [info ] [MainThread]:   Connection test: [[32mOK connection ok[0m]

[0m22:15:26.303164 [info ] [MainThread]: [31m1 check failed:[0m
[0m22:15:26.304500 [info ] [MainThread]: Project loading failed for the following reason:
 project path <C:\Users\Ravi\OneDrive\Desktop\Ravi\My_git_repos\Insurance_analytics\DBT\dbt_project.yml> not found

[0m22:15:26.306814 [debug] [MainThread]: Command `dbt debug` failed at 22:15:26.306587 after 2.39 seconds
[0m22:15:26.307327 [debug] [MainThread]: Connection 'debug' was left open.
[0m22:15:26.307763 [debug] [MainThread]: On debug: Close
[0m22:15:26.505141 [debug] [MainThread]: Sending event: {'category': 'dbt', 'action': 'invocation', 'label': 'end', 'context': [<snowplow_tracker.self_describing_json.SelfDescribingJson object at 0x0000015958FB0C30>, <snowplow_tracker.self_describing_json.SelfDescribingJson object at 0x00000159590383B0>, <snowplow_tracker.self_describing_json.SelfDescribingJson object at 0x0000015958C68490>]}
[0m22:15:26.506003 [debug] [MainThread]: Flushing usage events
[0m22:15:28.139680 [debug] [MainThread]: An error was encountered while trying to flush usage events
